{
    "passage_offset": 0,
    "num_passages": 5139,
    "num_embeddings": 603993,
    "embedding_offset": 0
}
