{
  "config":{
    "query_token_id":"[QueryMarker]",
    "doc_token_id":"[DocumentMarker]",
    "query_token":"[QueryMarker]",
    "doc_token":"[DocumentMarker]",
    "ncells":null,
    "centroid_score_threshold":null,
    "ndocs":null,
    "load_index_with_mmap":false,
    "index_path":null,
    "index_bsize":32,
    "nbits":4,
    "kmeans_niters":20,
    "resume":false,
    "similarity":"cosine",
    "bsize":64,
    "accumsteps":1,
    "lr":0.000003,
    "maxsteps":500000,
    "save_every":null,
    "warmup":null,
    "warmup_bert":null,
    "relu":false,
    "nway":7,
    "use_ib_negatives":false,
    "reranker":false,
    "distillation_alpha":1.0,
    "ignore_scores":true,
    "model_name":"jinaai/jina-colbert-v2",
    "query_maxlen":32,
    "attend_to_mask_tokens":true,
    "interaction":"colbert",
    "dim":128,
    "doc_maxlen":4096,
    "mask_punctuation":true,
    "checkpoint":"jinaai/jina-colbert-v2",
    "triples":null,
    "collection":[
      "list with 5139 elements starting with...",
      [
        "\u0e1e\u0e23\u0e30\u0e23\u0e32\u0e0a\u0e1a\u0e31\u0e0d\u0e0d\u0e31\u0e15\u0e34\u0e01\u0e32\u0e23\u0e2a\u0e48\u0e07\u0e40\u0e2a\u0e23\u0e34\u0e21\u0e01\u0e32\u0e23\u0e2d\u0e19\u0e38\u0e23\u0e31\u0e01\u0e29\u0e4c\u0e1e\u0e25\u0e31\u0e07\u0e07\u0e32\u0e19 \u0e1e.\u0e28. 2535 \u0e21\u0e32\u0e15\u0e23\u0e32 1 \u0e1e\u0e23\u0e30\u0e23\u0e32\u0e0a\u0e1a\u0e31\u0e0d\u0e0d\u0e31\u0e15\u0e34\u0e19\u0e35\u0e49\u0e40\u0e23\u0e35\u0e22\u0e01\u0e27\u0e48\u0e32 \u201c\u0e1e\u0e23\u0e30\u0e23\u0e32\u0e0a\u0e1a\u0e31\u0e0d\u0e0d\u0e31\u0e15\u0e34\u0e01\u0e32\u0e23\u0e2a\u0e48\u0e07\u0e40\u0e2a\u0e23\u0e34\u0e21\u0e01\u0e32\u0e23\u0e2d\u0e19\u0e38\u0e23\u0e31\u0e01\u0e29\u0e4c\u0e1e\u0e25\u0e31\u0e07\u0e07\u0e32\u0e19 \u0e1e.\u0e28. 2535\u201d",
        "\u0e1e\u0e23\u0e30\u0e23\u0e32\u0e0a\u0e1a\u0e31\u0e0d\u0e0d\u0e31\u0e15\u0e34\u0e01\u0e32\u0e23\u0e2a\u0e48\u0e07\u0e40\u0e2a\u0e23\u0e34\u0e21\u0e01\u0e32\u0e23\u0e2d\u0e19\u0e38\u0e23\u0e31\u0e01\u0e29\u0e4c\u0e1e\u0e25\u0e31\u0e07\u0e07\u0e32\u0e19 \u0e1e.\u0e28. 2535 \u0e21\u0e32\u0e15\u0e23\u0e32 2 \u0e1e\u0e23\u0e30\u0e23\u0e32\u0e0a\u0e1a\u0e31\u0e0d\u0e0d\u0e31\u0e15\u0e34\u0e19\u0e35\u0e49\u0e43\u0e2b\u0e49\u0e43\u0e0a\u0e49\u0e1a\u0e31\u0e07\u0e04\u0e31\u0e1a\u0e15\u0e31\u0e49\u0e07\u0e41\u0e15\u0e48\u0e27\u0e31\u0e19\u0e16\u0e31\u0e14\u0e08\u0e32\u0e01\u0e27\u0e31\u0e19\u0e1b\u0e23\u0e30\u0e01\u0e32\u0e28\u0e43\u0e19\u0e23\u0e32\u0e0a\u0e01\u0e34\u0e08\u0e08\u0e32\u0e19\u0e38\u0e40\u0e1a\u0e01\u0e29\u0e32\u0e40\u0e1b\u0e47\u0e19\u0e15\u0e49\u0e19\u0e44\u0e1b",
        "\u0e1e\u0e23\u0e30\u0e23\u0e32\u0e0a\u0e1a\u0e31\u0e0d\u0e0d\u0e31\u0e15\u0e34\u0e01\u0e32\u0e23\u0e2a\u0e48\u0e07\u0e40\u0e2a\u0e23\u0e34\u0e21\u0e01\u0e32\u0e23\u0e2d\u0e19\u0e38\u0e23\u0e31\u0e01\u0e29\u0e4c\u0e1e\u0e25\u0e31\u0e07\u0e07\u0e32\u0e19 \u0e1e.\u0e28. 2535 \u0e21\u0e32\u0e15\u0e23\u0e32 3 \u0e43\u0e19\u0e1e\u0e23\u0e30\u0e23\u0e32\u0e0a\u0e1a\u0e31\u0e0d\u0e0d\u0e31\u0e15\u0e34\u0e19\u0e35\u0e49\n\u201c\u0e1e\u0e25\u0e31\u0e07\u0e07\u0e32\u0e19\u201d \u0e2b\u0e21\u0e32\u0e22\u0e04\u0e27\u0e32\u0e21\u0e27\u0e48\u0e32 \u0e04\u0e27\u0e32\u0e21\u0e2a\u0e32\u0e21\u0e32\u0e23\u0e16\u0e43\u0e19\u0e01\u0e32\u0e23\u0e17\u0e33\u0e07\u0e32\u0e19\u0e0b\u0e36\u0e48\u0e07\u0e21\u0e35\u0e2d\u0e22\u0e39\u0e48\u0e43\u0e19\u0e15\u0e31\u0e27\u0e02\u0e2d\u0e07\u0e2a\u0e34\u0e48\u0e07\u0e17\u0e35\u0e48\u0e2d\u0e32\u0e08\u0e43\u0e2b\u0e49\u0e07\u0e32\u0e19\u0e44\u0e14\u0e49 \u0e44\u0e14\u0e49\u0e41\u0e01\u0e48 \u0e1e\u0e25\u0e31\u0e07\u0e07\u0e32\u0e19\u0e2b\u0e21\u0e38\u0e19\u0e40\u0e27\u0e35\u0e22\u0e19 \u0e41\u0e25\u0e30\u0e1e\u0e25\u0e31\u0e07\u0e07\u0e32\u0e19\u0e2a\u0e34\u0e49\u0e19\u0e40\u0e1b\u0e25\u0e37\u0e2d\u0e07 \u0e41\u0e25\u0e30\u0e43\u0e2b\u0e49\u0e2b\u0e21\u0e32\u0e22\u0e04\u0e27\u0e32\u0e21\u0e23\u0e27\u0e21\u0e16\u0e36\u0e07\u0e2a\u0e34\u0e48\u0e07\u0e17\u0e35\u0e48\u0e2d\u0e32\u0e08\u0e43\u0e2b\u0e49\u0e07\u0e32\u0e19\u0e44\u0e14\u0e49 \u0e40\u0e0a\u0e48\u0e19 \u0e40\u0e0a\u0e37\u0e49\u0e2d\u0e40\u0e1e\u0e25\u0e34\u0e07 \u0e04\u0e27\u0e32\u0e21\u0e23\u0e49\u0e2d\u0e19\u0e41\u0e25\u0e30\u0e44\u0e1f\u0e1f\u0e49\u0e32 \u0e40\u0e1b\u0e47\u0e19\u0e15\u0e49\u0e19\n\u201c\u0e1e\u0e25\u0e31\u0e07\u0e07\u0e32\u0e19\u0e2b\u0e21\u0e38\u0e19\u0e40\u0e27\u0e35\u0e22\u0e19\u201d \u0e2b\u0e21\u0e32\u0e22\u0e04\u0e27\u0e32\u0e21\u0e23\u0e27\u0e21\u0e16\u0e36\u0e07 \u0e1e\u0e25\u0e31\u0e07\u0e07\u0e32\u0e19\u0e17\u0e35\u0e48\u0e44\u0e14\u0e49\u0e08\u0e32\u0e01\u0e44\u0e21\u0e49 \u0e1f\u0e37\u0e19 \u0e41\u0e01\u0e25\u0e1a \u0e01\u0e32\u0e01\u0e2d\u0e49\u0e2d\u0e22 \u0e0a\u0e35\u0e27\u0e21\u0e27\u0e25 \u0e19\u0e49\u0e33 \u0e41\u0e2a\u0e07\u0e2d\u0e32\u0e17\u0e34\u0e15\u0e22\u0e4c \u0e04\u0e27\u0e32\u0e21\u0e23\u0e49\u0e2d\u0e19\u0e43\u0e15\u0e49\u0e1e\u0e34\u0e20\u0e1e \u0e25\u0e21 \u0e41\u0e25\u0e30\u0e04\u0e25\u0e37\u0e48\u0e19 \u0e40\u0e1b\u0e47\u0e19\u0e15\u0e49\u0e19\n\u201c\u0e1e\u0e25\u0e31\u0e07\u0e07\u0e32\u0e19\u0e2a\u0e34\u0e49\u0e19\u0e40\u0e1b\u0e25\u0e37\u0e2d\u0e07\u201d \u0e2b\u0e21\u0e32\u0e22\u0e04\u0e27\u0e32\u0e21\u0e23\u0e27\u0e21\u0e16\u0e36\u0e07 \u0e1e\u0e25\u0e31\u0e07\u0e07\u0e32\u0e19\u0e17\u0e35\u0e48\u0e44\u0e14\u0e49\u0e08\u0e32\u0e01\u0e16\u0e48\u0e32\u0e19\u0e2b\u0e34\u0e19 \u0e2b\u0e34\u0e19\u0e19\u0e49\u0e33\u0e21\u0e31\u0e19 \u0e17\u0e23\u0e32\u0e22\u0e19\u0e49\u0e33\u0e21\u0e31\u0e19 \u0e19\u0e49\u0e33\u0e21\u0e31\u0e19\u0e14\u0e34\u0e1a \u0e19\u0e49\u0e33\u0e21\u0e31\u0e19\u0e40\u0e0a\u0e37\u0e49\u0e2d\u0e40\u0e1e\u0e25\u0e34\u0e07 \u0e01\u0e4a\u0e32\u0e0b\u0e18\u0e23\u0e23\u0e21\u0e0a\u0e32\u0e15\u0e34 \u0e41\u0e25\u0e30\u0e19\u0e34\u0e27\u0e40\u0e04\u0e25\u0e35\u0e22\u0e23\u0e4c \u0e40\u0e1b\u0e47\u0e19\u0e15\u0e49\u0e19\n\u201c\u0e40\u0e0a\u0e37\u0e49\u0e2d\u0e40\u0e1e\u0e25\u0e34\u0e07\u201d \u0e2b\u0e21\u0e32\u0e22\u0e04\u0e27\u0e32\u0e21\u0e23\u0e27\u0e21\u0e16\u0e36\u0e07 \u0e16\u0e48\u0e32\u0e19\u0e2b\u0e34\u0e19 \u0e2b\u0e34\u0e19\u0e19\u0e49\u0e33\u0e21\u0e31\u0e19 \u0e17\u0e23\u0e32\u0e22\u0e19\u0e49\u0e33\u0e21\u0e31\u0e19 \u0e19\u0e49\u0e33\u0e21\u0e31\u0e19\u0e40\u0e0a\u0e37\u0e49\u0e2d\u0e40\u0e1e\u0e25\u0e34\u0e07 \u0e01\u0e4a\u0e32\u0e0b\u0e18\u0e23\u0e23\u0e21\u0e0a\u0e32\u0e15\u0e34 \u0e01\u0e4a\u0e32\u0e0b\u0e40\u0e0a\u0e37\u0e49\u0e2d\u0e40\u0e1e\u0e25\u0e34\u0e07 \u0e40\u0e0a\u0e37\u0e49\u0e2d\u0e40\u0e1e\u0e25\u0e34\u0e07\u0e2a\u0e31\u0e07\u0e40\u0e04\u0e23\u0e32\u0e30\u0e2b\u0e4c \u0e1f\u0e37\u0e19 \u0e44\u0e21\u0e49 \u0e41\u0e01\u0e25\u0e1a \u0e01\u0e32\u0e01\u0e2d\u0e49\u0e2d\u0e22 \u0e02\u0e22\u0e30\u0e41\u0e25\u0e30\u0e2a\u0e34\u0e48\u0e07\u0e2d\u0e37\u0e48\u0e19 \u0e15\u0e32\u0e21\u0e17\u0e35\u0e48\u0e04\u0e13\u0e30\u0e01\u0e23\u0e23\u0e21\u0e01\u0e32\u0e23\u0e19\u0e42\u0e22\u0e1a\u0e32\u0e22\u0e1e\u0e25\u0e31\u0e07\u0e07\u0e32\u0e19\u0e41\u0e2b\u0e48\u0e07\u0e0a\u0e32\u0e15\u0e34\u0e01\u0e33\u0e2b\u0e19\u0e14\u0e42\u0e14\u0e22\u0e1b\u0e23\u0e30\u0e01\u0e32\u0e28\u0e43\u0e19\u0e23\u0e32\u0e0a\u0e01\u0e34\u0e08\u0e08\u0e32\u0e19\u0e38\u0e40\u0e1a\u0e01\u0e29\u0e32\n\u201c\u0e19\u0e49\u0e33\u0e21\u0e31\u0e19\u0e40\u0e0a\u0e37\u0e49\u0e2d\u0e40\u0e1e\u0e25\u0e34\u0e07\u201d \u0e2b\u0e21\u0e32\u0e22\u0e04\u0e27\u0e32\u0e21\u0e27\u0e48\u0e32 \u0e01\u0e4a\u0e32\u0e0b \u0e19\u0e49\u0e33\u0e21\u0e31\u0e19\u0e40\u0e1a\u0e19\u0e0b\u0e34\u0e19 \u0e19\u0e49\u0e33\u0e21\u0e31\u0e19\u0e40\u0e0a\u0e37\u0e49\u0e2d\u0e40\u0e1e\u0e25\u0e34\u0e07\u0e2a\u0e33\u0e2b\u0e23\u0e31\u0e1a\u0e40\u0e04\u0e23\u0e37\u0e48\u0e2d\u0e07\u0e1a\u0e34\u0e19 \u0e19\u0e49\u0e33\u0e21\u0e31\u0e19\u0e01\u0e4a\u0e32\u0e14 \u0e19\u0e49\u0e33\u0e21\u0e31\u0e19\u0e14\u0e35\u0e40\u0e0b\u0e25 \u0e19\u0e49\u0e33\u0e21\u0e31\u0e19\u0e40\u0e15\u0e32 \u0e19\u0e49\u0e33\u0e21\u0e31\u0e19\u0e2d\u0e37\u0e48\u0e19 \u0e46 \u0e17\u0e35\u0e48\u0e04\u0e25\u0e49\u0e32\u0e22\u0e01\u0e31\u0e1a\u0e19\u0e49\u0e33\u0e21\u0e31\u0e19\u0e17\u0e35\u0e48\u0e44\u0e14\u0e49\u0e2d\u0e2d\u0e01\u0e0a\u0e37\u0e48\u0e2d\u0e21\u0e32\u0e41\u0e25\u0e49\u0e27\u0e41\u0e25\u0e30\u0e1c\u0e25\u0e34\u0e15\u0e20\u0e31\u0e13\u0e11\u0e4c\u0e1b\u0e34\u0e42\u0e15\u0e23\u0e40\u0e25\u0e35\u0e22\u0e21\u0e2d\u0e37\u0e48\u0e19\u0e15\u0e32\u0e21\u0e17\u0e35\u0e48\u0e04\u0e13\u0e30\u0e01\u0e23\u0e23\u0e21\u0e01\u0e32\u0e23\u0e19\u0e42\u0e22\u0e1a\u0e32\u0e22\u0e1e\u0e25\u0e31\u0e07\u0e07\u0e32\u0e19\u0e41\u0e2b\u0e48\u0e07\u0e0a\u0e32\u0e15\u0e34\u0e01\u0e33\u0e2b\u0e19\u0e14\u0e42\u0e14\u0e22\u0e1b\u0e23\u0e30\u0e01\u0e32\u0e28\u0e43\u0e19\u0e23\u0e32\u0e0a\u0e01\u0e34\u0e08\u0e08\u0e32\u0e19\u0e38\u0e40\u0e1a\u0e01\u0e29\u0e32\n\u201c\u0e01\u0e4a\u0e32\u0e0b\u201d \u0e2b\u0e21\u0e32\u0e22\u0e04\u0e27\u0e32\u0e21\u0e27\u0e48\u0e32 \u0e01\u0e4a\u0e32\u0e0b\u0e1b\u0e34\u0e42\u0e15\u0e23\u0e40\u0e25\u0e35\u0e22\u0e21\u0e40\u0e2b\u0e25\u0e27\u0e17\u0e35\u0e48\u0e43\u0e0a\u0e49\u0e40\u0e1b\u0e47\u0e19\u0e01\u0e4a\u0e32\u0e0b\u0e2b\u0e38\u0e07\u0e15\u0e49\u0e21\u0e2b\u0e23\u0e37\u0e2d\u0e01\u0e4a\u0e32\u0e0b\u0e44\u0e2e\u0e42\u0e14\u0e23\u0e04\u0e32\u0e23\u0e4c\u0e1a\u0e2d\u0e19\u0e40\u0e2b\u0e25\u0e27 \u0e0b\u0e36\u0e48\u0e07\u0e44\u0e14\u0e49\u0e41\u0e01\u0e48 \u0e42\u0e1b\u0e23\u0e40\u0e1b\u0e19 \u0e42\u0e1b\u0e23\u0e1b\u0e34\u0e25\u0e35\u0e19 \u0e19\u0e2d\u0e23\u0e4c\u0e21\u0e31\u0e25\u0e1a\u0e34\u0e27\u0e40\u0e17\u0e19 \u0e44\u0e2d\u0e42\u0e0b-\u0e1a\u0e34\u0e27\u0e40\u0e17\u0e19 \u0e2b\u0e23\u0e37\u0e2d\u0e1a\u0e34\u0e27\u0e17\u0e35\u0e25\u0e35\u0e19\u0e2a\u0e4c \u0e2d\u0e22\u0e48\u0e32\u0e07\u0e43\u0e14\u0e2d\u0e22\u0e48\u0e32\u0e07\u0e2b\u0e19\u0e36\u0e48\u0e07\u0e2b\u0e23\u0e37\u0e2d\u0e2b\u0e25\u0e32\u0e22\u0e2d\u0e22\u0e48\u0e32\u0e07\u0e23\u0e27\u0e21\u0e01\u0e31\u0e19\u0e40\u0e1b\u0e47\u0e19\u0e2a\u0e48\u0e27\u0e19\u0e43\u0e2b\u0e0d\u0e48\n\u201c\u0e42\u0e23\u0e07\u0e01\u0e25\u0e31\u0e48\u0e19\u201d \u0e2b\u0e21\u0e32\u0e22\u0e04\u0e27\u0e32\u0e21\u0e27\u0e48\u0e32 \u0e42\u0e23\u0e07\u0e01\u0e25\u0e31\u0e48\u0e19\u0e19\u0e49\u0e33\u0e21\u0e31\u0e19\u0e40\u0e0a\u0e37\u0e49\u0e2d\u0e40\u0e1e\u0e25\u0e34\u0e07 \u0e2a\u0e16\u0e32\u0e19\u0e17\u0e35\u0e48\u0e1c\u0e25\u0e34\u0e15\u0e41\u0e25\u0e30\u0e08\u0e33\u0e2b\u0e19\u0e48\u0e32\u0e22\u0e19\u0e49\u0e33\u0e21\u0e31\u0e19\u0e40\u0e0a\u0e37\u0e49\u0e2d\u0e40\u0e1e\u0e25\u0e34\u0e07 \u0e41\u0e25\u0e30\u0e2b\u0e21\u0e32\u0e22\u0e04\u0e27\u0e32\u0e21\u0e23\u0e27\u0e21\u0e16\u0e36\u0e07\u0e42\u0e23\u0e07\u0e41\u0e22\u0e01\u0e01\u0e4a\u0e32\u0e0b\u0e41\u0e25\u0e30\u0e42\u0e23\u0e07\u0e07\u0e32\u0e19\u0e2d\u0e38\u0e15\u0e2a\u0e32\u0e2b\u0e01\u0e23\u0e23\u0e21\u0e40\u0e04\u0e21\u0e35\u0e1b\u0e34\u0e42\u0e15\u0e23\u0e40\u0e25\u0e35\u0e22\u0e21\u0e41\u0e25\u0e30\u0e2a\u0e32\u0e23\u0e25\u0e30\u0e25\u0e32\u0e22\u0e14\u0e49\u0e27\u0e22\n\u201c\u0e04\u0e13\u0e30\u0e01\u0e23\u0e23\u0e21\u0e01\u0e32\u0e23\u0e19\u0e42\u0e22\u0e1a\u0e32\u0e22\u0e1e\u0e25\u0e31\u0e07\u0e07\u0e32\u0e19\u0e41\u0e2b\u0e48\u0e07\u0e0a\u0e32\u0e15\u0e34\u201d \u0e2b\u0e21\u0e32\u0e22\u0e04\u0e27\u0e32\u0e21\u0e27\u0e48\u0e32 \u0e04\u0e13\u0e30\u0e01\u0e23\u0e23\u0e21\u0e01\u0e32\u0e23\u0e19\u0e42\u0e22\u0e1a\u0e32\u0e22\u0e1e\u0e25\u0e31\u0e07\u0e07\u0e32\u0e19\u0e41\u0e2b\u0e48\u0e07\u0e0a\u0e32\u0e15\u0e34\u0e15\u0e32\u0e21\u0e01\u0e0e\u0e2b\u0e21\u0e32\u0e22\u0e27\u0e48\u0e32\u0e14\u0e49\u0e27\u0e22\u0e04\u0e13\u0e30\u0e01\u0e23\u0e23\u0e21\u0e01\u0e32\u0e23\u0e19\u0e42\u0e22\u0e1a\u0e32\u0e22\u0e1e\u0e25\u0e31\u0e07\u0e07\u0e32\u0e19\u0e41\u0e2b\u0e48\u0e07\u0e0a\u0e32\u0e15\u0e34\n\u201c\u0e2d\u0e19\u0e38\u0e23\u0e31\u0e01\u0e29\u0e4c\u0e1e\u0e25\u0e31\u0e07\u0e07\u0e32\u0e19\u201d \u0e2b\u0e21\u0e32\u0e22\u0e04\u0e27\u0e32\u0e21\u0e27\u0e48\u0e32 \u0e1c\u0e25\u0e34\u0e15\u0e41\u0e25\u0e30\u0e43\u0e0a\u0e49\u0e1e\u0e25\u0e31\u0e07\u0e07\u0e32\u0e19\u0e2d\u0e22\u0e48\u0e32\u0e07\u0e21\u0e35\u0e1b\u0e23\u0e30\u0e2a\u0e34\u0e17\u0e18\u0e34\u0e20\u0e32\u0e1e\u0e41\u0e25\u0e30\u0e1b\u0e23\u0e30\u0e2b\u0e22\u0e31\u0e14\n\u201c\u0e15\u0e23\u0e27\u0e08\u0e2a\u0e2d\u0e1a\u201d \u0e2b\u0e21\u0e32\u0e22\u0e04\u0e27\u0e32\u0e21\u0e27\u0e48\u0e32 \u0e2a\u0e33\u0e23\u0e27\u0e08 \u0e15\u0e23\u0e27\u0e08\u0e27\u0e31\u0e14 \u0e41\u0e25\u0e30\u0e40\u0e01\u0e47\u0e1a\u0e02\u0e49\u0e2d\u0e21\u0e39\u0e25\n\u201c\u0e42\u0e23\u0e07\u0e07\u0e32\u0e19\u201d \u0e2b\u0e21\u0e32\u0e22\u0e04\u0e27\u0e32\u0e21\u0e27\u0e48\u0e32 \u0e42\u0e23\u0e07\u0e07\u0e32\u0e19\u0e15\u0e32\u0e21\u0e01\u0e0e\u0e2b\u0e21\u0e32\u0e22\u0e27\u0e48\u0e32\u0e14\u0e49\u0e27\u0e22\u0e42\u0e23\u0e07\u0e07\u0e32\u0e19\n\u201c\u0e40\u0e08\u0e49\u0e32\u0e02\u0e2d\u0e07\u0e42\u0e23\u0e07\u0e07\u0e32\u0e19\u201d \u0e2b\u0e21\u0e32\u0e22\u0e04\u0e27\u0e32\u0e21\u0e23\u0e27\u0e21\u0e16\u0e36\u0e07\u0e1c\u0e39\u0e49\u0e23\u0e31\u0e1a\u0e1c\u0e34\u0e14\u0e0a\u0e2d\u0e1a\u0e43\u0e19\u0e01\u0e32\u0e23\u0e1a\u0e23\u0e34\u0e2b\u0e32\u0e23\u0e42\u0e23\u0e07\u0e07\u0e32\u0e19\u0e14\u0e49\u0e27\u0e22\n\u201c\u0e2d\u0e32\u0e04\u0e32\u0e23\u201d \u0e2b\u0e21\u0e32\u0e22\u0e04\u0e27\u0e32\u0e21\u0e27\u0e48\u0e32 \u0e2d\u0e32\u0e04\u0e32\u0e23\u0e15\u0e32\u0e21\u0e01\u0e0e\u0e2b\u0e21\u0e32\u0e22\u0e27\u0e48\u0e32\u0e14\u0e49\u0e27\u0e22\u0e01\u0e32\u0e23\u0e04\u0e27\u0e1a\u0e04\u0e38\u0e21\u0e2d\u0e32\u0e04\u0e32\u0e23\n\u201c\u0e40\u0e08\u0e49\u0e32\u0e02\u0e2d\u0e07\u0e2d\u0e32\u0e04\u0e32\u0e23\u201d \u0e2b\u0e21\u0e32\u0e22\u0e04\u0e27\u0e32\u0e21\u0e23\u0e27\u0e21\u0e16\u0e36\u0e07\u0e1a\u0e38\u0e04\u0e04\u0e25\u0e2d\u0e37\u0e48\u0e19\u0e0b\u0e36\u0e48\u0e07\u0e04\u0e23\u0e2d\u0e1a\u0e04\u0e23\u0e2d\u0e07\u0e2d\u0e32\u0e04\u0e32\u0e23\u0e14\u0e49\u0e27\u0e22\n\u201c\u0e01\u0e2d\u0e07\u0e17\u0e38\u0e19\u201d \u0e2b\u0e21\u0e32\u0e22\u0e04\u0e27\u0e32\u0e21\u0e27\u0e48\u0e32 \u0e01\u0e2d\u0e07\u0e17\u0e38\u0e19\u0e40\u0e1e\u0e37\u0e48\u0e2d\u0e2a\u0e48\u0e07\u0e40\u0e2a\u0e23\u0e34\u0e21\u0e01\u0e32\u0e23\u0e2d\u0e19\u0e38\u0e23\u0e31\u0e01\u0e29\u0e4c\u0e1e\u0e25\u0e31\u0e07\u0e07\u0e32\u0e19\n\u201c\u0e04\u0e13\u0e30\u0e01\u0e23\u0e23\u0e21\u0e01\u0e32\u0e23\u0e01\u0e2d\u0e07\u0e17\u0e38\u0e19\u201d \u0e2b\u0e21\u0e32\u0e22\u0e04\u0e27\u0e32\u0e21\u0e27\u0e48\u0e32 \u0e04\u0e13\u0e30\u0e01\u0e23\u0e23\u0e21\u0e01\u0e32\u0e23\u0e01\u0e2d\u0e07\u0e17\u0e38\u0e19\u0e40\u0e1e\u0e37\u0e48\u0e2d\u0e2a\u0e48\u0e07\u0e40\u0e2a\u0e23\u0e34\u0e21\u0e01\u0e32\u0e23\u0e2d\u0e19\u0e38\u0e23\u0e31\u0e01\u0e29\u0e4c\u0e1e\u0e25\u0e31\u0e07\u0e07\u0e32\u0e19\n\u201c\u0e1e\u0e19\u0e31\u0e01\u0e07\u0e32\u0e19\u0e40\u0e08\u0e49\u0e32\u0e2b\u0e19\u0e49\u0e32\u0e17\u0e35\u0e48\u201d \u0e2b\u0e21\u0e32\u0e22\u0e04\u0e27\u0e32\u0e21\u0e27\u0e48\u0e32 \u0e1c\u0e39\u0e49\u0e0b\u0e36\u0e48\u0e07\u0e23\u0e31\u0e10\u0e21\u0e19\u0e15\u0e23\u0e35\u0e41\u0e15\u0e48\u0e07\u0e15\u0e31\u0e49\u0e07\u0e43\u0e2b\u0e49\u0e1b\u0e0f\u0e34\u0e1a\u0e31\u0e15\u0e34\u0e01\u0e32\u0e23\u0e15\u0e32\u0e21\u0e1e\u0e23\u0e30\u0e23\u0e32\u0e0a\u0e1a\u0e31\u0e0d\u0e0d\u0e31\u0e15\u0e34\u0e19\u0e35\u0e49\n\u201c\u0e2d\u0e18\u0e34\u0e1a\u0e14\u0e35\u201d \u0e2b\u0e21\u0e32\u0e22\u0e04\u0e27\u0e32\u0e21\u0e27\u0e48\u0e32 \u0e2d\u0e18\u0e34\u0e1a\u0e14\u0e35\u0e01\u0e23\u0e21\u0e1e\u0e31\u0e12\u0e19\u0e32\u0e1e\u0e25\u0e31\u0e07\u0e07\u0e32\u0e19\u0e17\u0e14\u0e41\u0e17\u0e19\u0e41\u0e25\u0e30\u0e2d\u0e19\u0e38\u0e23\u0e31\u0e01\u0e29\u0e4c\u0e1e\u0e25\u0e31\u0e07\u0e07\u0e32\u0e19*\u0e2b\u0e23\u0e37\u0e2d\u0e1c\u0e39\u0e49\u0e0b\u0e36\u0e48\u0e07\u0e2d\u0e18\u0e34\u0e1a\u0e14\u0e35\u0e01\u0e23\u0e21\u0e1e\u0e31\u0e12\u0e19\u0e32\u0e1e\u0e25\u0e31\u0e07\u0e07\u0e32\u0e19\u0e17\u0e14\u0e41\u0e17\u0e19\u0e41\u0e25\u0e30\u0e2d\u0e19\u0e38\u0e23\u0e31\u0e01\u0e29\u0e4c\u0e1e\u0e25\u0e31\u0e07\u0e07\u0e32\u0e19*\u0e21\u0e2d\u0e1a\u0e2b\u0e21\u0e32\u0e22\n\u201c\u0e23\u0e31\u0e10\u0e21\u0e19\u0e15\u0e23\u0e35\u201d \u0e2b\u0e21\u0e32\u0e22\u0e04\u0e27\u0e32\u0e21\u0e27\u0e48\u0e32 \u0e23\u0e31\u0e10\u0e21\u0e19\u0e15\u0e23\u0e35\u0e27\u0e48\u0e32\u0e01\u0e32\u0e23\u0e01\u0e23\u0e30\u0e17\u0e23\u0e27\u0e07\u0e1e\u0e25\u0e31\u0e07\u0e07\u0e32\u0e19*"
      ]
    ],
    "queries":null,
    "index_name":"jinnav2_colbert_index",
    "overwrite":false,
    "root":".ragatouille/",
    "experiment":"colbert",
    "index_root":null,
    "name":"2024-10/01/14.03.19",
    "rank":0,
    "nranks":1,
    "amp":true,
    "gpus":1,
    "avoid_fork_if_possible":false
  },
  "num_chunks":1,
  "num_partitions":8192,
  "num_embeddings":603993,
  "avg_doclen":117.5312317572,
  "RAGatouille":{
    "index_config":{
      "index_type":"PLAID",
      "index_name":"jinnav2_colbert_index"
    }
  }
}